[    1621ms] [INFO] %cDownload the React DevTools for a better development experience: https://react.dev/link/react-devtools font-weight:bold @ http://localhost:3000/node_modules/.vite/deps/react-dom_client.js?v=9a8f1073:14337
[   89739ms] [INFO] %cDownload the React DevTools for a better development experience: https://react.dev/link/react-devtools font-weight:bold @ http://localhost:3000/node_modules/.vite/deps/react-dom_client.js?v=9a8f1073:14337
[  472377ms] [ERROR] React has detected a change in the order of Hooks called by %s. This will lead to bugs and errors if not fixed. For more information, read the Rules of Hooks: https://react.dev/link/rules-of-hooks

   Previous render            Next render
   ------------------------------------------------------
%s   ^^^^^^^^^^^^^^^^^^^^^^^^^^^^^^^^^^^^^^^^^^^^^^^^^^^^^^
 BuyModal 1. useContext                 useContext
2. useState                   useState
3. useState                   useState
4. undefined                  useEffect
 @ http://localhost:3000/@vite/client:509
[  472398ms] [ERROR] Error: Rendered more hooks than during the previous render.
    at updateWorkInProgressHook (http://localhost:3000/node_modules/.vite/deps/react-dom_client.js?v=9a8f1073:4327:12)
    at updateEffectImpl (http://localhost:3000/node_modules/.vite/deps/react-dom_client.js?v=9a8f1073:4851:15)
    at Object.useEffect (http://localhost:3000/node_modules/.vite/deps/react-dom_client.js?v=9a8f1073:13253:5)
    at exports.useEffect (http://localhost:3000/node_modules/.vite/deps/react.js?v=9a8f1073:716:31)
    at BuyModal (http://localhost:3000/app/components/modals/BuyModal.tsx?t=1786516849653:13:2)
    at Object.react_stack_bottom_frame (http://localhost:3000/node_modules/.vite/deps/react-dom_client.js?v=9a8f1073:12868:12)
    at renderWithHooks (http://localhost:3000/node_modules/.vite/deps/react-dom_client.js?v=9a8f1073:4213:19)
    at updateFunctionComponent (http://localhost:3000/node_modules/.vite/deps/react-dom_client.js?v=9a8f1073:5569:16)
    at beginWork (http://localhost:3000/node_modules/.vite/deps/react-dom_client.js?v=9a8f1073:6140:20)
    at runWithFiberInDEV (http://localhost:3000/node_modules/.vite/deps/react-dom_client.js?v=9a8f1073:851:66) @ http://localhost:3000/@vite/client:509
[  472399ms] [ERROR] The above error occurred in a React component:

    at BuyModal (http://localhost:3000/app/components/modals/BuyModal.tsx?t=1786516849653:10:56)
    at div (<anonymous>)
    at div (<anonymous>)
    at MercariApp (http://localhost:3000/app/components/MercariApp.tsx?t=1786516747191:18:84)
    at MercariProvider (http://localhost:3000/app/context/MercariContext.tsx?t=1786516747191:36:35)
    at Home (<anonymous>)
    at AwaitAppRenderDependencies [Server] (<anonymous>)
    at BfcacheSlotBoundary (http://localhost:3000/node_modules/vinext/dist/shims/slot.js?v=59655d37:140:32)
    at Slot (http://localhost:3000/node_modules/vinext/dist/shims/slot.js?v=59655d37:190:17)
    at LayoutSegmentProvider (http://localhost:3000/node_modules/vinext/dist/shims/layout-segment-context.js?v=59655d37:41:34)
    at RedirectErrorBoundary (http://localhost:3000/node_modules/vinext/dist/shims/error-boundary.js?v=59655d37:63:3)
    at RedirectBoundary (http://localhost:3000/node_modules/vinext/dist/shims/error-boundary.js?v=59655d37:97:29)
    at AppRouterScrollTargetInner (http://localhost:3000/node_modules/vinext/dist/shims/app-router-scroll.js?v=59655d37:83:34)
    at AppRouterScrollTarget (http://localhost:3000/node_modules/vinext/dist/shims/app-router-scroll.js?v=59655d37:135:34)
    at Children (http://localhost:3000/node_modules/vinext/dist/shims/slot.js?v=59655d37:221:17)
    at body (<anonymous>)
    at html (<anonymous>)
    at RootLayout [Server] (<anonymous>)
    at default (about://React/Server/C:/development/%E3%83%A1%E3%83%AB%E3%82%AB%E3%83%AAUI_kit/app/layout.tsx?1:70:26)
    at default (about://React/Server/C:/development/%E3%83%A1%E3%83%AB%E3%82%AB%E3%83%AAUI_kit/app/layout.tsx?1:70:26)
    at BfcacheSlotBoundary (http://localhost:3000/node_modules/vinext/dist/shims/slot.js?v=59655d37:140:32)
    at Slot (http://localhost:3000/node_modules/vinext/dist/shims/slot.js?v=59655d37:190:17)
    at LayoutSegmentProvider (http://localhost:3000/node_modules/vinext/dist/shims/layout-segment-context.js?v=59655d37:41:34)
    at ErrorBoundaryInner (http://localhost:3000/node_modules/vinext/dist/shims/error-boundary.js?v=59655d37:107:3)
    at ErrorBoundary (http://localhost:3000/node_modules/vinext/dist/shims/error-boundary.js?v=59655d37:159:26)
    at ErrorBoundaryInner (http://localhost:3000/node_modules/vinext/dist/shims/error-boundary.js?v=59655d37:107:3)
    at GlobalErrorBoundary (http://localhost:3000/node_modules/vinext/dist/shims/error-boundary.js?v=59655d37:167:32)
    at BfcacheSlotBoundary (http://localhost:3000/node_modules/vinext/dist/shims/slot.js?v=59655d37:140:32)
    at Slot (http://localhost:3000/node_modules/vinext/dist/shims/slot.js?v=59655d37:190:17)
    at NavigationCommitSignal (http://localhost:3000/node_modules/vinext/dist/server/app-browser-navigation-controller.js?v=59655d37:232:36)
    at RedirectErrorBoundary (http://localhost:3000/node_modules/vinext/dist/shims/error-boundary.js?v=59655d37:63:3)
    at RedirectBoundary (http://localhost:3000/node_modules/vinext/dist/shims/error-boundary.js?v=59655d37:97:29)
    at AppRouterRedirectBridge (http://localhost:3000/node_modules/vinext/dist/server/app-browser-entry.js?v=59655d37:475:36)
    at DevRecoveryBoundary (http://localhost:3000/node_modules/vinext/dist/shims/error-boundary.js?v=59655d37:313:3)
    at AppRouterScrollCommitProvider (http://localhost:3000/node_modules/vinext/dist/shims/app-router-scroll.js?v=59655d37:129:42)
    at ErrorBoundaryInner (http://localhost:3000/node_modules/vinext/dist/shims/error-boundary.js?v=59655d37:107:3)
    at GlobalErrorBoundary (http://localhost:3000/node_modules/vinext/dist/shims/error-boundary.js?v=59655d37:167:32)
    at BrowserRoot (http://localhost:3000/node_modules/vinext/dist/server/app-browser-entry.js?v=59655d37:501:24) @ http://localhost:3000/@vite/client:509
[ 1083104ms] [LOG] [vite] server connection lost. Polling for restart... @ http://localhost:3000/@vite/client:968
[ 1097548ms] [INFO] %cDownload the React DevTools for a better development experience: https://react.dev/link/react-devtools font-weight:bold @ http://localhost:3000/node_modules/.vite/deps/react-dom_client.js?v=248e11fc:14337
[ 4771232ms] [ERROR] Failed to load resource: the server responded with a status of 500 (Internal Server Error) @ http://localhost:3000/app/components/MercariApp.tsx?t=1786521148514:0
[ 4771233ms] [ERROR] [vite] Failed to reload /app/components/MercariApp.tsx. This could be due to syntax errors or importing non-existent modules. (see errors above) @ http://localhost:3000/@vite/client:904
[ 4771245ms] [ERROR] [vite] Internal Server Error
Failed to resolve import "./views/ShopView" from "app/components/MercariApp.tsx". Does the file exist?
    at TransformPluginContext._formatLog (file:///C:/development/%E3%83%A1%E3%83%AB%E3%82%AB%E3%83%AAUI_kit/node_modules/vite/dist/node/chunks/node.js:30486:39)
    at TransformPluginContext.error (file:///C:/development/%E3%83%A1%E3%83%AB%E3%82%AB%E3%83%AAUI_kit/node_modules/vite/dist/node/chunks/node.js:30483:14)
    at normalizeUrl (file:///C:/development/%E3%83%A1%E3%83%AB%E3%82%AB%E3%83%AAUI_kit/node_modules/vite/dist/node/chunks/node.js:27725:18)
    at async file:///C:/development/%E3%83%A1%E3%83%AB%E3%82%AB%E3%83%AAUI_kit/node_modules/vite/dist/node/chunks/node.js:27788:30
    at async Promise.all (index 11)
    at async TransformPluginContext.transform (file:///C:/development/%E3%83%A1%E3%83%AB%E3%82%AB%E3%83%AAUI_kit/node_modules/vite/dist/node/chunks/node.js:27756:4)
    at async EnvironmentPluginContainer.transform (file:///C:/development/%E3%83%A1%E3%83%AB%E3%82%AB%E3%83%AAUI_kit/node_modules/vite/dist/node/chunks/node.js:30271:14)
    at async loadAndTransform (file:///C:/development/%E3%83%A1%E3%83%AB%E3%82%AB%E3%83%AAUI_kit/node_modules/vite/dist/node/chunks/node.js:24532:26) @ http://localhost:3000/@vite/client:995
[ 4771246ms] [ERROR] [vite] Internal Server Error
Failed to resolve import "./views/ShopView" from "app/components/MercariApp.tsx". Does the file exist?
    at TransformPluginContext._formatLog (file:///C:/development/%E3%83%A1%E3%83%AB%E3%82%AB%E3%83%AAUI_kit/node_modules/vite/dist/node/chunks/node.js:30486:39)
    at TransformPluginContext.error (file:///C:/development/%E3%83%A1%E3%83%AB%E3%82%AB%E3%83%AAUI_kit/node_modules/vite/dist/node/chunks/node.js:30483:14)
    at normalizeUrl (file:///C:/development/%E3%83%A1%E3%83%AB%E3%82%AB%E3%83%AAUI_kit/node_modules/vite/dist/node/chunks/node.js:27725:18)
    at async file:///C:/development/%E3%83%A1%E3%83%AB%E3%82%AB%E3%83%AAUI_kit/node_modules/vite/dist/node/chunks/node.js:27788:30
    at async Promise.all (index 11)
    at async TransformPluginContext.transform (file:///C:/development/%E3%83%A1%E3%83%AB%E3%82%AB%E3%83%AAUI_kit/node_modules/vite/dist/node/chunks/node.js:27756:4)
    at async EnvironmentPluginContainer.transform (file:///C:/development/%E3%83%A1%E3%83%AB%E3%82%AB%E3%83%AAUI_kit/node_modules/vite/dist/node/chunks/node.js:30271:14)
    at async loadAndTransform (file:///C:/development/%E3%83%A1%E3%83%AB%E3%82%AB%E3%83%AAUI_kit/node_modules/vite/dist/node/chunks/node.js:24532:26) @ http://localhost:3000/@vite/client:995
[ 4771265ms] [ERROR] [vite] Internal Server Error
Failed to resolve import "./views/ShopView" from "app/components/MercariApp.tsx". Does the file exist?
    at TransformPluginContext._formatLog (file:///C:/development/%E3%83%A1%E3%83%AB%E3%82%AB%E3%83%AAUI_kit/node_modules/vite/dist/node/chunks/node.js:30486:39)
    at TransformPluginContext.error (file:///C:/development/%E3%83%A1%E3%83%AB%E3%82%AB%E3%83%AAUI_kit/node_modules/vite/dist/node/chunks/node.js:30483:14)
    at normalizeUrl (file:///C:/development/%E3%83%A1%E3%83%AB%E3%82%AB%E3%83%AAUI_kit/node_modules/vite/dist/node/chunks/node.js:27725:18)
    at async file:///C:/development/%E3%83%A1%E3%83%AB%E3%82%AB%E3%83%AAUI_kit/node_modules/vite/dist/node/chunks/node.js:27788:30
    at async Promise.all (index 11)
    at async TransformPluginContext.transform (file:///C:/development/%E3%83%A1%E3%83%AB%E3%82%AB%E3%83%AAUI_kit/node_modules/vite/dist/node/chunks/node.js:27756:4)
    at async EnvironmentPluginContainer.transform (file:///C:/development/%E3%83%A1%E3%83%AB%E3%82%AB%E3%83%AAUI_kit/node_modules/vite/dist/node/chunks/node.js:30271:14)
    at async loadAndTransform (file:///C:/development/%E3%83%A1%E3%83%AB%E3%82%AB%E3%83%AAUI_kit/node_modules/vite/dist/node/chunks/node.js:24532:26) @ http://localhost:3000/@vite/client:995
[ 4771267ms] [ERROR] [vite] Internal Server Error
Failed to resolve import "./views/ShopView" from "app/components/MercariApp.tsx". Does the file exist?
    at TransformPluginContext._formatLog (file:///C:/development/%E3%83%A1%E3%83%AB%E3%82%AB%E3%83%AAUI_kit/node_modules/vite/dist/node/chunks/node.js:30486:39)
    at TransformPluginContext.error (file:///C:/development/%E3%83%A1%E3%83%AB%E3%82%AB%E3%83%AAUI_kit/node_modules/vite/dist/node/chunks/node.js:30483:14)
    at normalizeUrl (file:///C:/development/%E3%83%A1%E3%83%AB%E3%82%AB%E3%83%AAUI_kit/node_modules/vite/dist/node/chunks/node.js:27725:18)
    at async file:///C:/development/%E3%83%A1%E3%83%AB%E3%82%AB%E3%83%AAUI_kit/node_modules/vite/dist/node/chunks/node.js:27788:30
    at async Promise.all (index 11)
    at async TransformPluginContext.transform (file:///C:/development/%E3%83%A1%E3%83%AB%E3%82%AB%E3%83%AAUI_kit/node_modules/vite/dist/node/chunks/node.js:27756:4)
    at async EnvironmentPluginContainer.transform (file:///C:/development/%E3%83%A1%E3%83%AB%E3%82%AB%E3%83%AAUI_kit/node_modules/vite/dist/node/chunks/node.js:30271:14)
    at async loadAndTransform (file:///C:/development/%E3%83%A1%E3%83%AB%E3%82%AB%E3%83%AAUI_kit/node_modules/vite/dist/node/chunks/node.js:24532:26) @ http://localhost:3000/@vite/client:995
[ 4771320ms] [ERROR] [vite] Internal Server Error
Failed to resolve import "./views/ShopView" from "app/components/MercariApp.tsx". Does the file exist?
    at TransformPluginContext._formatLog (file:///C:/development/%E3%83%A1%E3%83%AB%E3%82%AB%E3%83%AAUI_kit/node_modules/vite/dist/node/chunks/node.js:30486:39)
    at TransformPluginContext.error (file:///C:/development/%E3%83%A1%E3%83%AB%E3%82%AB%E3%83%AAUI_kit/node_modules/vite/dist/node/chunks/node.js:30483:14)
    at normalizeUrl (file:///C:/development/%E3%83%A1%E3%83%AB%E3%82%AB%E3%83%AAUI_kit/node_modules/vite/dist/node/chunks/node.js:27725:18)
    at async file:///C:/development/%E3%83%A1%E3%83%AB%E3%82%AB%E3%83%AAUI_kit/node_modules/vite/dist/node/chunks/node.js:27788:30
    at async Promise.all (index 11)
    at async TransformPluginContext.transform (file:///C:/development/%E3%83%A1%E3%83%AB%E3%82%AB%E3%83%AAUI_kit/node_modules/vite/dist/node/chunks/node.js:27756:4)
    at async EnvironmentPluginContainer.transform (file:///C:/development/%E3%83%A1%E3%83%AB%E3%82%AB%E3%83%AAUI_kit/node_modules/vite/dist/node/chunks/node.js:30271:14)
    at async loadAndTransform (file:///C:/development/%E3%83%A1%E3%83%AB%E3%82%AB%E3%83%AAUI_kit/node_modules/vite/dist/node/chunks/node.js:24532:26) @ http://localhost:3000/@vite/client:995
[10913168ms] [ERROR] ReferenceError: isAuthenticated is not defined
    at HomeView (http://localhost:3000/app/components/views/HomeView.tsx?t=1786527290331:70:5)
    at Object.react_stack_bottom_frame (http://localhost:3000/node_modules/.vite/deps/react-dom_client.js?v=248e11fc:12868:12)
    at renderWithHooks (http://localhost:3000/node_modules/.vite/deps/react-dom_client.js?v=248e11fc:4213:19)
    at updateFunctionComponent (http://localhost:3000/node_modules/.vite/deps/react-dom_client.js?v=248e11fc:5569:16)
    at beginWork (http://localhost:3000/node_modules/.vite/deps/react-dom_client.js?v=248e11fc:6140:20)
    at runWithFiberInDEV (http://localhost:3000/node_modules/.vite/deps/react-dom_client.js?v=248e11fc:851:66)
    at performUnitOfWork (http://localhost:3000/node_modules/.vite/deps/react-dom_client.js?v=248e11fc:8429:92)
    at workLoopSync (http://localhost:3000/node_modules/.vite/deps/react-dom_client.js?v=248e11fc:8325:37)
    at renderRootSync (http://localhost:3000/node_modules/.vite/deps/react-dom_client.js?v=248e11fc:8309:6)
    at performWorkOnRoot (http://localhost:3000/node_modules/.vite/deps/react-dom_client.js?v=248e11fc:7994:27) @ http://localhost:3000/node_modules/vinext/dist/client/dev-error-overlay.js?v=5cc961b1:144
[10913170ms] [ERROR] The above error occurred in a React component:

    at HomeView (http://localhost:3000/app/components/views/HomeView.tsx?t=1786527290331:12:142)
    at main (<anonymous>)
    at div (<anonymous>)
    at div (<anonymous>)
    at MercariApp (http://localhost:3000/app/components/MercariApp.tsx?t=1786527257272:21:98)
    at MercariProvider (http://localhost:3000/app/context/MercariContext.tsx?t=1786527257272:54:35)
    at Home (<anonymous>)
    at AwaitAppRenderDependencies [Server] (<anonymous>)
    at BfcacheSlotBoundary (http://localhost:3000/node_modules/vinext/dist/shims/slot.js?v=5cc961b1:140:32)
    at Slot (http://localhost:3000/node_modules/vinext/dist/shims/slot.js?v=5cc961b1:190:17)
    at LayoutSegmentProvider (http://localhost:3000/node_modules/vinext/dist/shims/layout-segment-context.js?v=5cc961b1:41:34)
    at RedirectErrorBoundary (http://localhost:3000/node_modules/vinext/dist/shims/error-boundary.js?v=5cc961b1:63:3)
    at RedirectBoundary (http://localhost:3000/node_modules/vinext/dist/shims/error-boundary.js?v=5cc961b1:97:29)
    at AppRouterScrollTargetInner (http://localhost:3000/node_modules/vinext/dist/shims/app-router-scroll.js?v=5cc961b1:83:34)
    at AppRouterScrollTarget (http://localhost:3000/node_modules/vinext/dist/shims/app-router-scroll.js?v=5cc961b1:135:34)
    at Children (http://localhost:3000/node_modules/vinext/dist/shims/slot.js?v=5cc961b1:221:17)
    at body (<anonymous>)
    at html (<anonymous>)
    at RootLayout [Server] (<anonymous>)
    at default (about://React/Server/C:/development/%E3%83%A1%E3%83%AB%E3%82%AB%E3%83%AAUI_kit/app/layout.tsx?1:70:26)
    at default (about://React/Server/C:/development/%E3%83%A1%E3%83%AB%E3%82%AB%E3%83%AAUI_kit/app/layout.tsx?1:70:26)
    at BfcacheSlotBoundary (http://localhost:3000/node_modules/vinext/dist/shims/slot.js?v=5cc961b1:140:32)
    at Slot (http://localhost:3000/node_modules/vinext/dist/shims/slot.js?v=5cc961b1:190:17)
    at LayoutSegmentProvider (http://localhost:3000/node_modules/vinext/dist/shims/layout-segment-context.js?v=5cc961b1:41:34)
    at ErrorBoundaryInner (http://localhost:3000/node_modules/vinext/dist/shims/error-boundary.js?v=5cc961b1:107:3)
    at ErrorBoundary (http://localhost:3000/node_modules/vinext/dist/shims/error-boundary.js?v=5cc961b1:159:26)
    at ErrorBoundaryInner (http://localhost:3000/node_modules/vinext/dist/shims/error-boundary.js?v=5cc961b1:107:3)
    at GlobalErrorBoundary (http://localhost:3000/node_modules/vinext/dist/shims/error-boundary.js?v=5cc961b1:167:32)
    at BfcacheSlotBoundary (http://localhost:3000/node_modules/vinext/dist/shims/slot.js?v=5cc961b1:140:32)
    at Slot (http://localhost:3000/node_modules/vinext/dist/shims/slot.js?v=5cc961b1:190:17)
    at NavigationCommitSignal (http://localhost:3000/node_modules/vinext/dist/server/app-browser-navigation-controller.js?v=5cc961b1:232:36)
    at RedirectErrorBoundary (http://localhost:3000/node_modules/vinext/dist/shims/error-boundary.js?v=5cc961b1:63:3)
    at RedirectBoundary (http://localhost:3000/node_modules/vinext/dist/shims/error-boundary.js?v=5cc961b1:97:29)
    at AppRouterRedirectBridge (http://localhost:3000/node_modules/vinext/dist/server/app-browser-entry.js?v=5cc961b1:475:36)
    at DevRecoveryBoundary (http://localhost:3000/node_modules/vinext/dist/shims/error-boundary.js?v=5cc961b1:313:3)
    at AppRouterScrollCommitProvider (http://localhost:3000/node_modules/vinext/dist/shims/app-router-scroll.js?v=5cc961b1:129:42)
    at ErrorBoundaryInner (http://localhost:3000/node_modules/vinext/dist/shims/error-boundary.js?v=5cc961b1:107:3)
    at GlobalErrorBoundary (http://localhost:3000/node_modules/vinext/dist/shims/error-boundary.js?v=5cc961b1:167:32)
    at BrowserRoot (http://localhost:3000/node_modules/vinext/dist/server/app-browser-entry.js?v=5cc961b1:501:24) @ http://localhost:3000/node_modules/vinext/dist/client/dev-error-overlay.js?v=5cc961b1:145
[10917988ms] [ERROR] ReferenceError: GuestHome is not defined
    at HomeView (http://localhost:3000/app/components/views/HomeView.tsx?t=1786527295243:160:40)
    at Object.react_stack_bottom_frame (http://localhost:3000/node_modules/.vite/deps/react-dom_client.js?v=248e11fc:12868:12)
    at renderWithHooks (http://localhost:3000/node_modules/.vite/deps/react-dom_client.js?v=248e11fc:4213:19)
    at updateFunctionComponent (http://localhost:3000/node_modules/.vite/deps/react-dom_client.js?v=248e11fc:5569:16)
    at beginWork (http://localhost:3000/node_modules/.vite/deps/react-dom_client.js?v=248e11fc:6140:20)
    at runWithFiberInDEV (http://localhost:3000/node_modules/.vite/deps/react-dom_client.js?v=248e11fc:851:66)
    at performUnitOfWork (http://localhost:3000/node_modules/.vite/deps/react-dom_client.js?v=248e11fc:8429:92)
    at workLoopSync (http://localhost:3000/node_modules/.vite/deps/react-dom_client.js?v=248e11fc:8325:37)
    at renderRootSync (http://localhost:3000/node_modules/.vite/deps/react-dom_client.js?v=248e11fc:8309:6)
    at performWorkOnRoot (http://localhost:3000/node_modules/.vite/deps/react-dom_client.js?v=248e11fc:7994:27) @ http://localhost:3000/node_modules/vinext/dist/client/dev-error-overlay.js?v=5cc961b1:144
[10917989ms] [ERROR] The above error occurred in a React component:

    at HomeView (http://localhost:3000/app/components/views/HomeView.tsx?t=1786527295243:12:142)
    at main (<anonymous>)
    at div (<anonymous>)
    at div (<anonymous>)
    at MercariApp (http://localhost:3000/app/components/MercariApp.tsx?t=1786527257272:21:98)
    at MercariProvider (http://localhost:3000/app/context/MercariContext.tsx?t=1786527257272:54:35)
    at Home (<anonymous>)
    at AwaitAppRenderDependencies [Server] (<anonymous>)
    at BfcacheSlotBoundary (http://localhost:3000/node_modules/vinext/dist/shims/slot.js?v=5cc961b1:140:32)
    at Slot (http://localhost:3000/node_modules/vinext/dist/shims/slot.js?v=5cc961b1:190:17)
    at LayoutSegmentProvider (http://localhost:3000/node_modules/vinext/dist/shims/layout-segment-context.js?v=5cc961b1:41:34)
    at RedirectErrorBoundary (http://localhost:3000/node_modules/vinext/dist/shims/error-boundary.js?v=5cc961b1:63:3)
    at RedirectBoundary (http://localhost:3000/node_modules/vinext/dist/shims/error-boundary.js?v=5cc961b1:97:29)
    at AppRouterScrollTargetInner (http://localhost:3000/node_modules/vinext/dist/shims/app-router-scroll.js?v=5cc961b1:83:34)
    at AppRouterScrollTarget (http://localhost:3000/node_modules/vinext/dist/shims/app-router-scroll.js?v=5cc961b1:135:34)
    at Children (http://localhost:3000/node_modules/vinext/dist/shims/slot.js?v=5cc961b1:221:17)
    at body (<anonymous>)
    at html (<anonymous>)
    at RootLayout [Server] (<anonymous>)
    at default (about://React/Server/C:/development/%E3%83%A1%E3%83%AB%E3%82%AB%E3%83%AAUI_kit/app/layout.tsx?1:70:26)
    at default (about://React/Server/C:/development/%E3%83%A1%E3%83%AB%E3%82%AB%E3%83%AAUI_kit/app/layout.tsx?1:70:26)
    at BfcacheSlotBoundary (http://localhost:3000/node_modules/vinext/dist/shims/slot.js?v=5cc961b1:140:32)
    at Slot (http://localhost:3000/node_modules/vinext/dist/shims/slot.js?v=5cc961b1:190:17)
    at LayoutSegmentProvider (http://localhost:3000/node_modules/vinext/dist/shims/layout-segment-context.js?v=5cc961b1:41:34)
    at ErrorBoundaryInner (http://localhost:3000/node_modules/vinext/dist/shims/error-boundary.js?v=5cc961b1:107:3)
    at ErrorBoundary (http://localhost:3000/node_modules/vinext/dist/shims/error-boundary.js?v=5cc961b1:159:26)
    at ErrorBoundaryInner (http://localhost:3000/node_modules/vinext/dist/shims/error-boundary.js?v=5cc961b1:107:3)
    at GlobalErrorBoundary (http://localhost:3000/node_modules/vinext/dist/shims/error-boundary.js?v=5cc961b1:167:32)
    at BfcacheSlotBoundary (http://localhost:3000/node_modules/vinext/dist/shims/slot.js?v=5cc961b1:140:32)
    at Slot (http://localhost:3000/node_modules/vinext/dist/shims/slot.js?v=5cc961b1:190:17)
    at NavigationCommitSignal (http://localhost:3000/node_modules/vinext/dist/server/app-browser-navigation-controller.js?v=5cc961b1:232:36)
    at RedirectErrorBoundary (http://localhost:3000/node_modules/vinext/dist/shims/error-boundary.js?v=5cc961b1:63:3)
    at RedirectBoundary (http://localhost:3000/node_modules/vinext/dist/shims/error-boundary.js?v=5cc961b1:97:29)
    at AppRouterRedirectBridge (http://localhost:3000/node_modules/vinext/dist/server/app-browser-entry.js?v=5cc961b1:475:36)
    at DevRecoveryBoundary (http://localhost:3000/node_modules/vinext/dist/shims/error-boundary.js?v=5cc961b1:313:3)
    at AppRouterScrollCommitProvider (http://localhost:3000/node_modules/vinext/dist/shims/app-router-scroll.js?v=5cc961b1:129:42)
    at ErrorBoundaryInner (http://localhost:3000/node_modules/vinext/dist/shims/error-boundary.js?v=5cc961b1:107:3)
    at GlobalErrorBoundary (http://localhost:3000/node_modules/vinext/dist/shims/error-boundary.js?v=5cc961b1:167:32)
    at BrowserRoot (http://localhost:3000/node_modules/vinext/dist/server/app-browser-entry.js?v=5cc961b1:501:24) @ http://localhost:3000/node_modules/vinext/dist/client/dev-error-overlay.js?v=5cc961b1:145
[11554268ms] [ERROR] Error: useMercari must be used within a MercariProvider
    at useMercari (http://localhost:3000/app/context/MercariContext.tsx?t=1786527827975:577:22)
    at MercariApp (http://localhost:3000/app/components/MercariApp.tsx?t=1786527827975:21:98)
    at Object.react_stack_bottom_frame (http://localhost:3000/node_modules/.vite/deps/react-dom_client.js?v=248e11fc:12868:12)
    at renderWithHooks (http://localhost:3000/node_modules/.vite/deps/react-dom_client.js?v=248e11fc:4213:19)
    at updateFunctionComponent (http://localhost:3000/node_modules/.vite/deps/react-dom_client.js?v=248e11fc:5569:16)
    at beginWork (http://localhost:3000/node_modules/.vite/deps/react-dom_client.js?v=248e11fc:6140:20)
    at runWithFiberInDEV (http://localhost:3000/node_modules/.vite/deps/react-dom_client.js?v=248e11fc:851:66)
    at performUnitOfWork (http://localhost:3000/node_modules/.vite/deps/react-dom_client.js?v=248e11fc:8429:92)
    at workLoopSync (http://localhost:3000/node_modules/.vite/deps/react-dom_client.js?v=248e11fc:8325:37)
    at renderRootSync (http://localhost:3000/node_modules/.vite/deps/react-dom_client.js?v=248e11fc:8309:6) @ http://localhost:3000/node_modules/vinext/dist/client/dev-error-overlay.js?v=5cc961b1:144
[11554269ms] [ERROR] The above error occurred in a React component:

    at MercariApp (http://localhost:3000/app/components/MercariApp.tsx?t=1786527827975:21:98)
    at MercariProvider (http://localhost:3000/app/context/MercariContext.tsx?t=1786527931360:54:35)
    at Home (<anonymous>)
    at AwaitAppRenderDependencies [Server] (<anonymous>)
    at BfcacheSlotBoundary (http://localhost:3000/node_modules/vinext/dist/shims/slot.js?v=5cc961b1:140:32)
    at Slot (http://localhost:3000/node_modules/vinext/dist/shims/slot.js?v=5cc961b1:190:17)
    at LayoutSegmentProvider (http://localhost:3000/node_modules/vinext/dist/shims/layout-segment-context.js?v=5cc961b1:41:34)
    at RedirectErrorBoundary (http://localhost:3000/node_modules/vinext/dist/shims/error-boundary.js?v=5cc961b1:63:3)
    at RedirectBoundary (http://localhost:3000/node_modules/vinext/dist/shims/error-boundary.js?v=5cc961b1:97:29)
    at AppRouterScrollTargetInner (http://localhost:3000/node_modules/vinext/dist/shims/app-router-scroll.js?v=5cc961b1:83:34)
    at AppRouterScrollTarget (http://localhost:3000/node_modules/vinext/dist/shims/app-router-scroll.js?v=5cc961b1:135:34)
    at Children (http://localhost:3000/node_modules/vinext/dist/shims/slot.js?v=5cc961b1:221:17)
    at body (<anonymous>)
    at html (<anonymous>)
    at RootLayout [Server] (<anonymous>)
    at default (about://React/Server/C:/development/%E3%83%A1%E3%83%AB%E3%82%AB%E3%83%AAUI_kit/app/layout.tsx?1:70:26)
    at default (about://React/Server/C:/development/%E3%83%A1%E3%83%AB%E3%82%AB%E3%83%AAUI_kit/app/layout.tsx?1:70:26)
    at BfcacheSlotBoundary (http://localhost:3000/node_modules/vinext/dist/shims/slot.js?v=5cc961b1:140:32)
    at Slot (http://localhost:3000/node_modules/vinext/dist/shims/slot.js?v=5cc961b1:190:17)
    at LayoutSegmentProvider (http://localhost:3000/node_modules/vinext/dist/shims/layout-segment-context.js?v=5cc961b1:41:34)
    at ErrorBoundaryInner (http://localhost:3000/node_modules/vinext/dist/shims/error-boundary.js?v=5cc961b1:107:3)
    at ErrorBoundary (http://localhost:3000/node_modules/vinext/dist/shims/error-boundary.js?v=5cc961b1:159:26)
    at ErrorBoundaryInner (http://localhost:3000/node_modules/vinext/dist/shims/error-boundary.js?v=5cc961b1:107:3)
    at GlobalErrorBoundary (http://localhost:3000/node_modules/vinext/dist/shims/error-boundary.js?v=5cc961b1:167:32)
    at BfcacheSlotBoundary (http://localhost:3000/node_modules/vinext/dist/shims/slot.js?v=5cc961b1:140:32)
    at Slot (http://localhost:3000/node_modules/vinext/dist/shims/slot.js?v=5cc961b1:190:17)
    at NavigationCommitSignal (http://localhost:3000/node_modules/vinext/dist/server/app-browser-navigation-controller.js?v=5cc961b1:232:36)
    at RedirectErrorBoundary (http://localhost:3000/node_modules/vinext/dist/shims/error-boundary.js?v=5cc961b1:63:3)
    at RedirectBoundary (http://localhost:3000/node_modules/vinext/dist/shims/error-boundary.js?v=5cc961b1:97:29)
    at AppRouterRedirectBridge (http://localhost:3000/node_modules/vinext/dist/server/app-browser-entry.js?v=5cc961b1:475:36)
    at DevRecoveryBoundary (http://localhost:3000/node_modules/vinext/dist/shims/error-boundary.js?v=5cc961b1:313:3)
    at AppRouterScrollCommitProvider (http://localhost:3000/node_modules/vinext/dist/shims/app-router-scroll.js?v=5cc961b1:129:42)
    at ErrorBoundaryInner (http://localhost:3000/node_modules/vinext/dist/shims/error-boundary.js?v=5cc961b1:107:3)
    at GlobalErrorBoundary (http://localhost:3000/node_modules/vinext/dist/shims/error-boundary.js?v=5cc961b1:167:32)
    at BrowserRoot (http://localhost:3000/node_modules/vinext/dist/server/app-browser-entry.js?v=5cc961b1:501:24) @ http://localhost:3000/node_modules/vinext/dist/client/dev-error-overlay.js?v=5cc961b1:145
[11618840ms] [ERROR] Error: useMercari must be used within a MercariProvider
    at useMercari (http://localhost:3000/app/context/MercariContext.tsx?t=1786527827975:577:22)
    at MercariApp (http://localhost:3000/app/components/MercariApp.tsx?t=1786527827975:21:98)
    at Object.react_stack_bottom_frame (http://localhost:3000/node_modules/.vite/deps/react-dom_client.js?v=248e11fc:12868:12)
    at renderWithHooks (http://localhost:3000/node_modules/.vite/deps/react-dom_client.js?v=248e11fc:4213:19)
    at updateFunctionComponent (http://localhost:3000/node_modules/.vite/deps/react-dom_client.js?v=248e11fc:5569:16)
    at beginWork (http://localhost:3000/node_modules/.vite/deps/react-dom_client.js?v=248e11fc:6140:20)
    at runWithFiberInDEV (http://localhost:3000/node_modules/.vite/deps/react-dom_client.js?v=248e11fc:851:66)
    at performUnitOfWork (http://localhost:3000/node_modules/.vite/deps/react-dom_client.js?v=248e11fc:8429:92)
    at workLoopSync (http://localhost:3000/node_modules/.vite/deps/react-dom_client.js?v=248e11fc:8325:37)
    at renderRootSync (http://localhost:3000/node_modules/.vite/deps/react-dom_client.js?v=248e11fc:8309:6) @ http://localhost:3000/node_modules/vinext/dist/client/dev-error-overlay.js?v=5cc961b1:144
[11618840ms] [ERROR] The above error occurred in a React component:

    at MercariApp (http://localhost:3000/app/components/MercariApp.tsx?t=1786527827975:21:98)
    at MercariProvider (http://localhost:3000/app/context/MercariContext.tsx?t=1786527931360:54:35)
    at Home (<anonymous>)
    at AwaitAppRenderDependencies [Server] (<anonymous>)
    at BfcacheSlotBoundary (http://localhost:3000/node_modules/vinext/dist/shims/slot.js?v=5cc961b1:140:32)
    at Slot (http://localhost:3000/node_modules/vinext/dist/shims/slot.js?v=5cc961b1:190:17)
    at LayoutSegmentProvider (http://localhost:3000/node_modules/vinext/dist/shims/layout-segment-context.js?v=5cc961b1:41:34)
    at RedirectErrorBoundary (http://localhost:3000/node_modules/vinext/dist/shims/error-boundary.js?v=5cc961b1:63:3)
    at RedirectBoundary (http://localhost:3000/node_modules/vinext/dist/shims/error-boundary.js?v=5cc961b1:97:29)
    at AppRouterScrollTargetInner (http://localhost:3000/node_modules/vinext/dist/shims/app-router-scroll.js?v=5cc961b1:83:34)
    at AppRouterScrollTarget (http://localhost:3000/node_modules/vinext/dist/shims/app-router-scroll.js?v=5cc961b1:135:34)
    at Children (http://localhost:3000/node_modules/vinext/dist/shims/slot.js?v=5cc961b1:221:17)
    at body (<anonymous>)
    at html (<anonymous>)
    at RootLayout [Server] (<anonymous>)
    at default (about://React/Server/C:/development/%E3%83%A1%E3%83%AB%E3%82%AB%E3%83%AAUI_kit/app/layout.tsx?1:70:26)
    at default (about://React/Server/C:/development/%E3%83%A1%E3%83%AB%E3%82%AB%E3%83%AAUI_kit/app/layout.tsx?1:70:26)
    at BfcacheSlotBoundary (http://localhost:3000/node_modules/vinext/dist/shims/slot.js?v=5cc961b1:140:32)
    at Slot (http://localhost:3000/node_modules/vinext/dist/shims/slot.js?v=5cc961b1:190:17)
    at LayoutSegmentProvider (http://localhost:3000/node_modules/vinext/dist/shims/layout-segment-context.js?v=5cc961b1:41:34)
    at ErrorBoundaryInner (http://localhost:3000/node_modules/vinext/dist/shims/error-boundary.js?v=5cc961b1:107:3)
    at ErrorBoundary (http://localhost:3000/node_modules/vinext/dist/shims/error-boundary.js?v=5cc961b1:159:26)
    at ErrorBoundaryInner (http://localhost:3000/node_modules/vinext/dist/shims/error-boundary.js?v=5cc961b1:107:3)
    at GlobalErrorBoundary (http://localhost:3000/node_modules/vinext/dist/shims/error-boundary.js?v=5cc961b1:167:32)
    at BfcacheSlotBoundary (http://localhost:3000/node_modules/vinext/dist/shims/slot.js?v=5cc961b1:140:32)
    at Slot (http://localhost:3000/node_modules/vinext/dist/shims/slot.js?v=5cc961b1:190:17)
    at NavigationCommitSignal (http://localhost:3000/node_modules/vinext/dist/server/app-browser-navigation-controller.js?v=5cc961b1:232:36)
    at RedirectErrorBoundary (http://localhost:3000/node_modules/vinext/dist/shims/error-boundary.js?v=5cc961b1:63:3)
    at RedirectBoundary (http://localhost:3000/node_modules/vinext/dist/shims/error-boundary.js?v=5cc961b1:97:29)
    at AppRouterRedirectBridge (http://localhost:3000/node_modules/vinext/dist/server/app-browser-entry.js?v=5cc961b1:475:36)
    at DevRecoveryBoundary (http://localhost:3000/node_modules/vinext/dist/shims/error-boundary.js?v=5cc961b1:313:3)
    at AppRouterScrollCommitProvider (http://localhost:3000/node_modules/vinext/dist/shims/app-router-scroll.js?v=5cc961b1:129:42)
    at ErrorBoundaryInner (http://localhost:3000/node_modules/vinext/dist/shims/error-boundary.js?v=5cc961b1:107:3)
    at GlobalErrorBoundary (http://localhost:3000/node_modules/vinext/dist/shims/error-boundary.js?v=5cc961b1:167:32)
    at BrowserRoot (http://localhost:3000/node_modules/vinext/dist/server/app-browser-entry.js?v=5cc961b1:501:24) @ http://localhost:3000/node_modules/vinext/dist/client/dev-error-overlay.js?v=5cc961b1:145
[11633923ms] [ERROR] Error: useMercari must be used within a MercariProvider
    at useMercari (http://localhost:3000/app/context/MercariContext.tsx?t=1786527827975:577:22)
    at MercariApp (http://localhost:3000/app/components/MercariApp.tsx?t=1786527827975:21:98)
    at Object.react_stack_bottom_frame (http://localhost:3000/node_modules/.vite/deps/react-dom_client.js?v=248e11fc:12868:12)
    at renderWithHooks (http://localhost:3000/node_modules/.vite/deps/react-dom_client.js?v=248e11fc:4213:19)
    at updateFunctionComponent (http://localhost:3000/node_modules/.vite/deps/react-dom_client.js?v=248e11fc:5569:16)
    at beginWork (http://localhost:3000/node_modules/.vite/deps/react-dom_client.js?v=248e11fc:6140:20)
    at runWithFiberInDEV (http://localhost:3000/node_modules/.vite/deps/react-dom_client.js?v=248e11fc:851:66)
    at performUnitOfWork (http://localhost:3000/node_modules/.vite/deps/react-dom_client.js?v=248e11fc:8429:92)
    at workLoopSync (http://localhost:3000/node_modules/.vite/deps/react-dom_client.js?v=248e11fc:8325:37)
    at renderRootSync (http://localhost:3000/node_modules/.vite/deps/react-dom_client.js?v=248e11fc:8309:6) @ http://localhost:3000/node_modules/vinext/dist/client/dev-error-overlay.js?v=5cc961b1:144
[11633924ms] [ERROR] The above error occurred in a React component:

    at MercariApp (http://localhost:3000/app/components/MercariApp.tsx?t=1786527827975:21:98)
    at MercariProvider (http://localhost:3000/app/context/MercariContext.tsx?t=1786527931360:54:35)
    at Home (<anonymous>)
    at AwaitAppRenderDependencies [Server] (<anonymous>)
    at BfcacheSlotBoundary (http://localhost:3000/node_modules/vinext/dist/shims/slot.js?v=5cc961b1:140:32)
    at Slot (http://localhost:3000/node_modules/vinext/dist/shims/slot.js?v=5cc961b1:190:17)
    at LayoutSegmentProvider (http://localhost:3000/node_modules/vinext/dist/shims/layout-segment-context.js?v=5cc961b1:41:34)
    at RedirectErrorBoundary (http://localhost:3000/node_modules/vinext/dist/shims/error-boundary.js?v=5cc961b1:63:3)
    at RedirectBoundary (http://localhost:3000/node_modules/vinext/dist/shims/error-boundary.js?v=5cc961b1:97:29)
    at AppRouterScrollTargetInner (http://localhost:3000/node_modules/vinext/dist/shims/app-router-scroll.js?v=5cc961b1:83:34)
    at AppRouterScrollTarget (http://localhost:3000/node_modules/vinext/dist/shims/app-router-scroll.js?v=5cc961b1:135:34)
    at Children (http://localhost:3000/node_modules/vinext/dist/shims/slot.js?v=5cc961b1:221:17)
    at body (<anonymous>)
    at html (<anonymous>)
    at RootLayout [Server] (<anonymous>)
    at default (about://React/Server/C:/development/%E3%83%A1%E3%83%AB%E3%82%AB%E3%83%AAUI_kit/app/layout.tsx?1:70:26)
    at default (about://React/Server/C:/development/%E3%83%A1%E3%83%AB%E3%82%AB%E3%83%AAUI_kit/app/layout.tsx?1:70:26)
    at BfcacheSlotBoundary (http://localhost:3000/node_modules/vinext/dist/shims/slot.js?v=5cc961b1:140:32)
    at Slot (http://localhost:3000/node_modules/vinext/dist/shims/slot.js?v=5cc961b1:190:17)
    at LayoutSegmentProvider (http://localhost:3000/node_modules/vinext/dist/shims/layout-segment-context.js?v=5cc961b1:41:34)
    at ErrorBoundaryInner (http://localhost:3000/node_modules/vinext/dist/shims/error-boundary.js?v=5cc961b1:107:3)
    at ErrorBoundary (http://localhost:3000/node_modules/vinext/dist/shims/error-boundary.js?v=5cc961b1:159:26)
    at ErrorBoundaryInner (http://localhost:3000/node_modules/vinext/dist/shims/error-boundary.js?v=5cc961b1:107:3)
    at GlobalErrorBoundary (http://localhost:3000/node_modules/vinext/dist/shims/error-boundary.js?v=5cc961b1:167:32)
    at BfcacheSlotBoundary (http://localhost:3000/node_modules/vinext/dist/shims/slot.js?v=5cc961b1:140:32)
    at Slot (http://localhost:3000/node_modules/vinext/dist/shims/slot.js?v=5cc961b1:190:17)
    at NavigationCommitSignal (http://localhost:3000/node_modules/vinext/dist/server/app-browser-navigation-controller.js?v=5cc961b1:232:36)
    at RedirectErrorBoundary (http://localhost:3000/node_modules/vinext/dist/shims/error-boundary.js?v=5cc961b1:63:3)
    at RedirectBoundary (http://localhost:3000/node_modules/vinext/dist/shims/error-boundary.js?v=5cc961b1:97:29)
    at AppRouterRedirectBridge (http://localhost:3000/node_modules/vinext/dist/server/app-browser-entry.js?v=5cc961b1:475:36)
    at DevRecoveryBoundary (http://localhost:3000/node_modules/vinext/dist/shims/error-boundary.js?v=5cc961b1:313:3)
    at AppRouterScrollCommitProvider (http://localhost:3000/node_modules/vinext/dist/shims/app-router-scroll.js?v=5cc961b1:129:42)
    at ErrorBoundaryInner (http://localhost:3000/node_modules/vinext/dist/shims/error-boundary.js?v=5cc961b1:107:3)
    at GlobalErrorBoundary (http://localhost:3000/node_modules/vinext/dist/shims/error-boundary.js?v=5cc961b1:167:32)
    at BrowserRoot (http://localhost:3000/node_modules/vinext/dist/server/app-browser-entry.js?v=5cc961b1:501:24) @ http://localhost:3000/node_modules/vinext/dist/client/dev-error-overlay.js?v=5cc961b1:145
[11890878ms] [ERROR] Error: useMercari must be used within a MercariProvider
    at useMercari (http://localhost:3000/app/context/MercariContext.tsx?t=1786527827975:577:22)
    at MercariApp (http://localhost:3000/app/components/MercariApp.tsx?t=1786527827975:21:98)
    at Object.react_stack_bottom_frame (http://localhost:3000/node_modules/.vite/deps/react-dom_client.js?v=248e11fc:12868:12)
    at renderWithHooks (http://localhost:3000/node_modules/.vite/deps/react-dom_client.js?v=248e11fc:4213:19)
    at updateFunctionComponent (http://localhost:3000/node_modules/.vite/deps/react-dom_client.js?v=248e11fc:5569:16)
    at beginWork (http://localhost:3000/node_modules/.vite/deps/react-dom_client.js?v=248e11fc:6140:20)
    at runWithFiberInDEV (http://localhost:3000/node_modules/.vite/deps/react-dom_client.js?v=248e11fc:851:66)
    at performUnitOfWork (http://localhost:3000/node_modules/.vite/deps/react-dom_client.js?v=248e11fc:8429:92)
    at workLoopSync (http://localhost:3000/node_modules/.vite/deps/react-dom_client.js?v=248e11fc:8325:37)
    at renderRootSync (http://localhost:3000/node_modules/.vite/deps/react-dom_client.js?v=248e11fc:8309:6) @ http://localhost:3000/node_modules/vinext/dist/client/dev-error-overlay.js?v=5cc961b1:144
[11890879ms] [ERROR] The above error occurred in a React component:

    at MercariApp (http://localhost:3000/app/components/MercariApp.tsx?t=1786527827975:21:98)
    at MercariProvider (http://localhost:3000/app/context/MercariContext.tsx?t=1786527931360:54:35)
    at Home (<anonymous>)
    at AwaitAppRenderDependencies [Server] (<anonymous>)
    at BfcacheSlotBoundary (http://localhost:3000/node_modules/vinext/dist/shims/slot.js?v=5cc961b1:140:32)
    at Slot (http://localhost:3000/node_modules/vinext/dist/shims/slot.js?v=5cc961b1:190:17)
    at LayoutSegmentProvider (http://localhost:3000/node_modules/vinext/dist/shims/layout-segment-context.js?v=5cc961b1:41:34)
    at RedirectErrorBoundary (http://localhost:3000/node_modules/vinext/dist/shims/error-boundary.js?v=5cc961b1:63:3)
    at RedirectBoundary (http://localhost:3000/node_modules/vinext/dist/shims/error-boundary.js?v=5cc961b1:97:29)
    at AppRouterScrollTargetInner (http://localhost:3000/node_modules/vinext/dist/shims/app-router-scroll.js?v=5cc961b1:83:34)
    at AppRouterScrollTarget (http://localhost:3000/node_modules/vinext/dist/shims/app-router-scroll.js?v=5cc961b1:135:34)
    at Children (http://localhost:3000/node_modules/vinext/dist/shims/slot.js?v=5cc961b1:221:17)
    at body (<anonymous>)
    at html (<anonymous>)
    at RootLayout [Server] (<anonymous>)
    at default (about://React/Server/C:/development/%E3%83%A1%E3%83%AB%E3%82%AB%E3%83%AAUI_kit/app/layout.tsx?1:70:26)
    at default (about://React/Server/C:/development/%E3%83%A1%E3%83%AB%E3%82%AB%E3%83%AAUI_kit/app/layout.tsx?1:70:26)
    at BfcacheSlotBoundary (http://localhost:3000/node_modules/vinext/dist/shims/slot.js?v=5cc961b1:140:32)
    at Slot (http://localhost:3000/node_modules/vinext/dist/shims/slot.js?v=5cc961b1:190:17)
    at LayoutSegmentProvider (http://localhost:3000/node_modules/vinext/dist/shims/layout-segment-context.js?v=5cc961b1:41:34)
    at ErrorBoundaryInner (http://localhost:3000/node_modules/vinext/dist/shims/error-boundary.js?v=5cc961b1:107:3)
    at ErrorBoundary (http://localhost:3000/node_modules/vinext/dist/shims/error-boundary.js?v=5cc961b1:159:26)
    at ErrorBoundaryInner (http://localhost:3000/node_modules/vinext/dist/shims/error-boundary.js?v=5cc961b1:107:3)
    at GlobalErrorBoundary (http://localhost:3000/node_modules/vinext/dist/shims/error-boundary.js?v=5cc961b1:167:32)
    at BfcacheSlotBoundary (http://localhost:3000/node_modules/vinext/dist/shims/slot.js?v=5cc961b1:140:32)
    at Slot (http://localhost:3000/node_modules/vinext/dist/shims/slot.js?v=5cc961b1:190:17)
    at NavigationCommitSignal (http://localhost:3000/node_modules/vinext/dist/server/app-browser-navigation-controller.js?v=5cc961b1:232:36)
    at RedirectErrorBoundary (http://localhost:3000/node_modules/vinext/dist/shims/error-boundary.js?v=5cc961b1:63:3)
    at RedirectBoundary (http://localhost:3000/node_modules/vinext/dist/shims/error-boundary.js?v=5cc961b1:97:29)
    at AppRouterRedirectBridge (http://localhost:3000/node_modules/vinext/dist/server/app-browser-entry.js?v=5cc961b1:475:36)
    at DevRecoveryBoundary (http://localhost:3000/node_modules/vinext/dist/shims/error-boundary.js?v=5cc961b1:313:3)
    at AppRouterScrollCommitProvider (http://localhost:3000/node_modules/vinext/dist/shims/app-router-scroll.js?v=5cc961b1:129:42)
    at ErrorBoundaryInner (http://localhost:3000/node_modules/vinext/dist/shims/error-boundary.js?v=5cc961b1:107:3)
    at GlobalErrorBoundary (http://localhost:3000/node_modules/vinext/dist/shims/error-boundary.js?v=5cc961b1:167:32)
    at BrowserRoot (http://localhost:3000/node_modules/vinext/dist/server/app-browser-entry.js?v=5cc961b1:501:24) @ http://localhost:3000/node_modules/vinext/dist/client/dev-error-overlay.js?v=5cc961b1:145
[11907566ms] [ERROR] Error: useMercari must be used within a MercariProvider
    at useMercari (http://localhost:3000/app/context/MercariContext.tsx?t=1786527827975:577:22)
    at MercariApp (http://localhost:3000/app/components/MercariApp.tsx?t=1786527827975:21:98)
    at Object.react_stack_bottom_frame (http://localhost:3000/node_modules/.vite/deps/react-dom_client.js?v=248e11fc:12868:12)
    at renderWithHooks (http://localhost:3000/node_modules/.vite/deps/react-dom_client.js?v=248e11fc:4213:19)
    at updateFunctionComponent (http://localhost:3000/node_modules/.vite/deps/react-dom_client.js?v=248e11fc:5569:16)
    at beginWork (http://localhost:3000/node_modules/.vite/deps/react-dom_client.js?v=248e11fc:6140:20)
    at runWithFiberInDEV (http://localhost:3000/node_modules/.vite/deps/react-dom_client.js?v=248e11fc:851:66)
    at performUnitOfWork (http://localhost:3000/node_modules/.vite/deps/react-dom_client.js?v=248e11fc:8429:92)
    at workLoopSync (http://localhost:3000/node_modules/.vite/deps/react-dom_client.js?v=248e11fc:8325:37)
    at renderRootSync (http://localhost:3000/node_modules/.vite/deps/react-dom_client.js?v=248e11fc:8309:6) @ http://localhost:3000/node_modules/vinext/dist/client/dev-error-overlay.js?v=5cc961b1:144
[11907567ms] [ERROR] The above error occurred in a React component:

    at MercariApp (http://localhost:3000/app/components/MercariApp.tsx?t=1786527827975:21:98)
    at MercariProvider (http://localhost:3000/app/context/MercariContext.tsx?t=1786527931360:54:35)
    at Home (<anonymous>)
    at AwaitAppRenderDependencies [Server] (<anonymous>)
    at BfcacheSlotBoundary (http://localhost:3000/node_modules/vinext/dist/shims/slot.js?v=5cc961b1:140:32)
    at Slot (http://localhost:3000/node_modules/vinext/dist/shims/slot.js?v=5cc961b1:190:17)
    at LayoutSegmentProvider (http://localhost:3000/node_modules/vinext/dist/shims/layout-segment-context.js?v=5cc961b1:41:34)
    at RedirectErrorBoundary (http://localhost:3000/node_modules/vinext/dist/shims/error-boundary.js?v=5cc961b1:63:3)
    at RedirectBoundary (http://localhost:3000/node_modules/vinext/dist/shims/error-boundary.js?v=5cc961b1:97:29)
    at AppRouterScrollTargetInner (http://localhost:3000/node_modules/vinext/dist/shims/app-router-scroll.js?v=5cc961b1:83:34)
    at AppRouterScrollTarget (http://localhost:3000/node_modules/vinext/dist/shims/app-router-scroll.js?v=5cc961b1:135:34)
    at Children (http://localhost:3000/node_modules/vinext/dist/shims/slot.js?v=5cc961b1:221:17)
    at body (<anonymous>)
    at html (<anonymous>)
    at RootLayout [Server] (<anonymous>)
    at default (about://React/Server/C:/development/%E3%83%A1%E3%83%AB%E3%82%AB%E3%83%AAUI_kit/app/layout.tsx?1:70:26)
    at default (about://React/Server/C:/development/%E3%83%A1%E3%83%AB%E3%82%AB%E3%83%AAUI_kit/app/layout.tsx?1:70:26)
    at BfcacheSlotBoundary (http://localhost:3000/node_modules/vinext/dist/shims/slot.js?v=5cc961b1:140:32)
    at Slot (http://localhost:3000/node_modules/vinext/dist/shims/slot.js?v=5cc961b1:190:17)
    at LayoutSegmentProvider (http://localhost:3000/node_modules/vinext/dist/shims/layout-segment-context.js?v=5cc961b1:41:34)
    at ErrorBoundaryInner (http://localhost:3000/node_modules/vinext/dist/shims/error-boundary.js?v=5cc961b1:107:3)
    at ErrorBoundary (http://localhost:3000/node_modules/vinext/dist/shims/error-boundary.js?v=5cc961b1:159:26)
    at ErrorBoundaryInner (http://localhost:3000/node_modules/vinext/dist/shims/error-boundary.js?v=5cc961b1:107:3)
    at GlobalErrorBoundary (http://localhost:3000/node_modules/vinext/dist/shims/error-boundary.js?v=5cc961b1:167:32)
    at BfcacheSlotBoundary (http://localhost:3000/node_modules/vinext/dist/shims/slot.js?v=5cc961b1:140:32)
    at Slot (http://localhost:3000/node_modules/vinext/dist/shims/slot.js?v=5cc961b1:190:17)
    at NavigationCommitSignal (http://localhost:3000/node_modules/vinext/dist/server/app-browser-navigation-controller.js?v=5cc961b1:232:36)
    at RedirectErrorBoundary (http://localhost:3000/node_modules/vinext/dist/shims/error-boundary.js?v=5cc961b1:63:3)
    at RedirectBoundary (http://localhost:3000/node_modules/vinext/dist/shims/error-boundary.js?v=5cc961b1:97:29)
    at AppRouterRedirectBridge (http://localhost:3000/node_modules/vinext/dist/server/app-browser-entry.js?v=5cc961b1:475:36)
    at DevRecoveryBoundary (http://localhost:3000/node_modules/vinext/dist/shims/error-boundary.js?v=5cc961b1:313:3)
    at AppRouterScrollCommitProvider (http://localhost:3000/node_modules/vinext/dist/shims/app-router-scroll.js?v=5cc961b1:129:42)
    at ErrorBoundaryInner (http://localhost:3000/node_modules/vinext/dist/shims/error-boundary.js?v=5cc961b1:107:3)
    at GlobalErrorBoundary (http://localhost:3000/node_modules/vinext/dist/shims/error-boundary.js?v=5cc961b1:167:32)
    at BrowserRoot (http://localhost:3000/node_modules/vinext/dist/server/app-browser-entry.js?v=5cc961b1:501:24) @ http://localhost:3000/node_modules/vinext/dist/client/dev-error-overlay.js?v=5cc961b1:145
[13428638ms] [LOG] [vite] server connection lost. Polling for restart... @ http://localhost:3000/@vite/client:968
[13443836ms] [INFO] %cDownload the React DevTools for a better development experience: https://react.dev/link/react-devtools font-weight:bold @ http://localhost:3000/node_modules/.vite/deps/react-dom_client.js?v=b07beeac:14337
[15107180ms] [LOG] [vite] server connection lost. Polling for restart... @ http://localhost:3000/@vite/client:968
[15122370ms] [INFO] %cDownload the React DevTools for a better development experience: https://react.dev/link/react-devtools font-weight:bold @ http://localhost:3000/node_modules/.vite/deps/react-dom_client.js?v=b07beeac:14337
